src/AuthContext.tsx(130,36): error TS2353: Object literal may only specify known properties, and 'user' does not exist in type '{ requiresOTP: boolean; email?: string | undefined; }'.
